// Jest Snapshot v1, https://goo.gl/fbAQLP

exports[`search store search store is defined 1`] = `
Object {
  "activeNodeId": 0,
  "searchApplication": [Function],
  "searchData": Array [],
  "searchLoading": false,
  "searchedKeyWord": "",
  "setSearchLoading": [Function],
}
`;
