// Jest Snapshot v1, https://goo.gl/fbAQLP

exports[`hierarhcy imports re-exports the following items 1`] = `
Object {
  "getChildrenLink": [Function],
  "getCreateApplicationLink": [Function],
  "getCreateGroupLink": [Function],
  "getSelfUpdateLink": [Function],
  "nodeUpdateState": [Function],
  "useHierarchyStore": [Function],
}
`;
